\BOOKMARK [1][-]{section.1}{\376\377\000P\000r\000e\000l\000i\000m\000i\000n\000a\000r\000i\000e\000s\000:\000\040\000M\000a\000t\000h\000e\000m\000a\000t\000i\000c\000a\000l\000\040\000F\000o\000u\000n\000d\000a\000t\000i\000o\000n\000s}{}% 1
\BOOKMARK [2][-]{subsection.1.1}{\376\377\000F\000u\000n\000c\000t\000i\000o\000n\000a\000l\000\040\000S\000p\000a\000c\000e\000s\000\040\000a\000n\000d\000\040\000W\000e\000l\000l\000-\000p\000o\000s\000e\000d\000n\000e\000s\000s}{section.1}% 2
\BOOKMARK [2][-]{subsection.1.2}{\376\377\000P\000r\000o\000b\000a\000b\000i\000l\000i\000t\000y\000\040\000a\000n\000d\000\040\000S\000t\000o\000c\000h\000a\000s\000t\000i\000c\000\040\000P\000r\000o\000c\000e\000s\000s\000e\000s}{section.1}% 3
\BOOKMARK [2][-]{subsection.1.3}{\376\377\000N\000o\000t\000a\000t\000i\000o\000n\000\040\000T\000a\000b\000l\000e}{section.1}% 4
\BOOKMARK [1][-]{section.2}{\376\377\000I\000n\000t\000r\000o\000d\000u\000c\000t\000i\000o\000n\000:\000\040\000T\000h\000e\000\040\000N\000e\000e\000d\000\040\000f\000o\000r\000\040\000a\000\040\000C\000o\000h\000e\000r\000e\000n\000t\000\040\000S\000u\000b\000s\000t\000r\000a\000t\000e}{}% 5
\BOOKMARK [1][-]{section.3}{\376\377\000H\000i\000s\000t\000o\000r\000i\000c\000a\000l\000\040\000B\000a\000c\000k\000g\000r\000o\000u\000n\000d\000:\000\040\000F\000r\000o\000m\000\040\000U\000n\000i\000t\000a\000r\000y\000\040\000D\000y\000n\000a\000m\000i\000c\000s\000\040\000t\000o\000\040\000S\000t\000o\000c\000h\000a\000s\000t\000i\000c\000\040\000O\000n\000t\000o\000l\000o\000g\000i\000e\000s}{}% 6
\BOOKMARK [1][-]{section.4}{\376\377\000C\000o\000n\000c\000e\000p\000t\000u\000a\000l\000\040\000B\000r\000i\000d\000g\000e\000:\000\040\000F\000r\000o\000m\000\040\000I\000n\000d\000i\000v\000i\000s\000i\000b\000i\000l\000i\000t\000y\000\040\000t\000o\000\040\000C\000o\000n\000t\000i\000n\000u\000i\000t\000y}{}% 7
\BOOKMARK [1][-]{section.5}{\376\377\000M\000a\000t\000h\000e\000m\000a\000t\000i\000c\000a\000l\000\040\000F\000o\000u\000n\000d\000a\000t\000i\000o\000n\000s\000\040\000a\000n\000d\000\040\000t\000h\000e\000\040\000F\000u\000n\000c\000t\000o\000r\000i\000a\000l\000\040\000B\000r\000i\000d\000g\000e}{}% 8
\BOOKMARK [2][-]{subsection.5.1}{\376\377\000F\000u\000n\000c\000t\000i\000o\000n\000a\000l\000\040\000S\000e\000t\000t\000i\000n\000g\000\040\000a\000n\000d\000\040\000E\000x\000i\000s\000t\000e\000n\000c\000e\000\040\000T\000h\000e\000o\000r\000e\000m}{section.5}% 9
\BOOKMARK [2][-]{subsection.5.2}{\376\377\000F\000l\000u\000x\000\040\000R\000e\000p\000r\000e\000s\000e\000n\000t\000a\000t\000i\000o\000n\000\040\000a\000n\000d\000\040\000D\000i\000s\000c\000r\000e\000t\000e\000\040\000C\000e\000l\000l\000s}{section.5}% 10
\BOOKMARK [2][-]{subsection.5.3}{\376\377\000D\000e\000f\000i\000n\000i\000t\000i\000o\000n\000\040\000o\000f\000\040\000t\000h\000e\000\040\000C\000o\000a\000r\000s\000e\000-\000G\000r\000a\000i\000n\000i\000n\000g\000\040\000F\000u\000n\000c\000t\000o\000r}{section.5}% 11
\BOOKMARK [2][-]{subsection.5.4}{\376\377\000E\000n\000t\000r\000o\000p\000y\000-\000P\000r\000e\000s\000e\000r\000v\000i\000n\000g\000\040\000R\000e\000f\000i\000n\000e\000m\000e\000n\000t}{section.5}% 12
\BOOKMARK [1][-]{section.6}{\376\377\000E\000x\000p\000l\000i\000c\000i\000t\000\040\000U\000n\000i\000t\000a\000r\000y\000\040\000R\000e\000c\000o\000n\000s\000t\000r\000u\000c\000t\000i\000o\000n\000\040\000a\000n\000d\000\040\000N\000u\000m\000e\000r\000i\000c\000a\000l\000\040\000E\000x\000a\000m\000p\000l\000e}{}% 13
\BOOKMARK [2][-]{subsection.6.1}{\376\377\000F\000r\000o\000m\000\040\000E\000n\000t\000r\000o\000p\000i\000c\000\040\000F\000l\000u\000x\000\040\000t\000o\000\040\000U\000n\000i\000s\000t\000o\000c\000h\000a\000s\000t\000i\000c\000\040\000M\000a\000t\000r\000i\000c\000e\000s}{section.6}% 14
\BOOKMARK [2][-]{subsection.6.2}{\376\377\000L\000o\000c\000a\000l\000\040\000P\000h\000a\000s\000e\000\040\000P\000o\000t\000e\000n\000t\000i\000a\000l}{section.6}% 15
\BOOKMARK [2][-]{subsection.6.3}{\376\377\000E\000x\000a\000m\000p\000l\000e\000:\000\040\000T\000w\000o\000-\000C\000e\000l\000l\000\040\000E\000n\000t\000r\000o\000p\000i\000c\000\040\000E\000x\000c\000h\000a\000n\000g\000e}{section.6}% 16
\BOOKMARK [2][-]{subsection.6.4}{\376\377\000E\000x\000a\000m\000p\000l\000e\000:\000\040\000T\000h\000r\000e\000e\000-\000C\000e\000l\000l\000\040\000C\000i\000r\000c\000u\000l\000a\000r\000\040\000F\000l\000o\000w}{section.6}% 17
\BOOKMARK [2][-]{subsection.6.5}{\376\377\000N\000u\000m\000e\000r\000i\000c\000a\000l\000\040\000V\000e\000r\000i\000f\000i\000c\000a\000t\000i\000o\000n\000\040\000P\000r\000o\000c\000e\000d\000u\000r\000e}{section.6}% 18
\BOOKMARK [2][-]{subsection.6.6}{\376\377\000I\000n\000t\000e\000r\000p\000r\000e\000t\000a\000t\000i\000o\000n}{section.6}% 19
\BOOKMARK [1][-]{section.7}{\376\377\000D\000e\000r\000i\000v\000e\000d\000\040\000Q\000u\000a\000n\000t\000i\000z\000a\000t\000i\000o\000n\000\040\000E\000x\000a\000m\000p\000l\000e\000:\000\040\000B\000o\000u\000n\000d\000a\000r\000y\000\040\000E\000m\000e\000r\000g\000e\000n\000c\000e\000\040\000o\000f\000\040\000t\000h\000e\000\040\000U\000n\000i\000s\000t\000o\000c\000h\000a\000s\000t\000i\000c\000\040\000K\000e\000r\000n\000e\000l}{}% 20
\BOOKMARK [2][-]{subsection.7.1}{\376\377\000A\000K\000S\000Z\000\040\000B\000a\000c\000k\000g\000r\000o\000u\000n\000d}{section.7}% 21
\BOOKMARK [2][-]{subsection.7.2}{\376\377\000R\000S\000V\000P\000\040\000A\000K\000S\000Z\000\040\000A\000c\000t\000i\000o\000n}{section.7}% 22
\BOOKMARK [2][-]{subsection.7.3}{\376\377\000P\000a\000t\000h\000\040\000I\000n\000t\000e\000g\000r\000a\000l\000\040\000a\000n\000d\000\040\000B\000o\000u\000n\000d\000a\000r\000y\000\040\000R\000e\000d\000u\000c\000t\000i\000o\000n}{section.7}% 23
\BOOKMARK [2][-]{subsection.7.4}{\376\377\000D\000i\000s\000c\000r\000e\000t\000i\000z\000a\000t\000i\000o\000n\000\040\000a\000n\000d\000\040\000E\000m\000e\000r\000g\000e\000n\000t\000\040\000T\000r\000a\000n\000s\000i\000t\000i\000o\000n\000\040\000K\000e\000r\000n\000e\000l}{section.7}% 24
\BOOKMARK [2][-]{subsection.7.5}{\376\377\000S\000e\000m\000i\000c\000l\000a\000s\000s\000i\000c\000a\000l\000\040\000E\000x\000p\000a\000n\000s\000i\000o\000n}{section.7}% 25
\BOOKMARK [2][-]{subsection.7.6}{\376\377\000I\000n\000t\000e\000r\000p\000r\000e\000t\000a\000t\000i\000o\000n}{section.7}% 26
\BOOKMARK [1][-]{section.8}{\376\377\000E\000n\000t\000r\000o\000p\000y\040\023\000C\000u\000r\000v\000a\000t\000u\000r\000e\000\040\000C\000o\000u\000p\000l\000i\000n\000g\000\040\000a\000n\000d\000\040\000t\000h\000e\000\040\000B\000o\000r\000n\000\040\000R\000u\000l\000e\000\040\000a\000s\000\040\000a\000\040\000L\000i\000m\000i\000t\000\040\000T\000h\000e\000o\000r\000e\000m}{}% 27
\BOOKMARK [2][-]{subsection.8.1}{\376\377\000E\000n\000t\000r\000o\000p\000y\040\023\000C\000u\000r\000v\000a\000t\000u\000r\000e\000\040\000I\000n\000t\000e\000r\000a\000c\000t\000i\000o\000n}{section.8}% 28
\BOOKMARK [2][-]{subsection.8.2}{\376\377\000C\000u\000r\000v\000a\000t\000u\000r\000e\000\040\000C\000o\000r\000r\000e\000c\000t\000i\000o\000n\000\040\000t\000o\000\040\000t\000h\000e\000\040\000T\000r\000a\000n\000s\000i\000t\000i\000o\000n\000\040\000K\000e\000r\000n\000e\000l}{section.8}% 29
\BOOKMARK [2][-]{subsection.8.3}{\376\377\000L\000o\000n\000g\000-\000T\000i\000m\000e\000\040\000L\000i\000m\000i\000t\000\040\000a\000n\000d\000\040\000E\000r\000g\000o\000d\000i\000c\000\040\000A\000v\000e\000r\000a\000g\000i\000n\000g}{section.8}% 30
\BOOKMARK [2][-]{subsection.8.4}{\376\377\000I\000n\000t\000e\000r\000p\000r\000e\000t\000a\000t\000i\000o\000n}{section.8}% 31
\BOOKMARK [1][-]{section.9}{\376\377\000C\000o\000s\000m\000o\000l\000o\000g\000i\000c\000a\000l\000\040\000E\000x\000t\000e\000n\000s\000i\000o\000n\000:\000\040\000T\000h\000e\000\040\000U\000n\000i\000s\000t\000o\000c\000h\000a\000s\000t\000i\000c\000\040\000H\000o\000r\000i\000z\000o\000n\000\040\000a\000n\000d\000\040\000E\000x\000p\000y\000r\000o\000t\000i\000c\000\040\000R\000e\000s\000e\000t}{}% 32
\BOOKMARK [2][-]{subsection.9.1}{\376\377\000F\000r\000o\000m\000\040\000L\000o\000c\000a\000l\000\040\000I\000n\000d\000i\000v\000i\000s\000i\000b\000i\000l\000i\000t\000y\000\040\000t\000o\000\040\000C\000o\000s\000m\000i\000c\000\040\000S\000m\000o\000o\000t\000h\000i\000n\000g}{section.9}% 33
\BOOKMARK [2][-]{subsection.9.2}{\376\377\000E\000n\000t\000r\000o\000p\000y\000\040\000P\000r\000o\000d\000u\000c\000t\000i\000o\000n\000\040\000a\000n\000d\000\040\000H\000o\000r\000i\000z\000o\000n\000\040\000G\000e\000o\000m\000e\000t\000r\000y}{section.9}% 34
\BOOKMARK [2][-]{subsection.9.3}{\376\377\000T\000h\000e\000\040\000U\000n\000i\000s\000t\000o\000c\000h\000a\000s\000t\000i\000c\000\040\000H\000o\000r\000i\000z\000o\000n}{section.9}% 35
\BOOKMARK [2][-]{subsection.9.4}{\376\377\000E\000n\000t\000r\000o\000p\000y\040\023\000C\000u\000r\000v\000a\000t\000u\000r\000e\000\040\000F\000e\000e\000d\000b\000a\000c\000k\000\040\000a\000n\000d\000\040\000t\000h\000e\000\040\000E\000x\000p\000y\000r\000o\000t\000i\000c\000\040\000L\000i\000m\000i\000t}{section.9}% 36
\BOOKMARK [2][-]{subsection.9.5}{\376\377\000Q\000u\000a\000n\000t\000u\000m\000\040\000S\000e\000e\000d\000s\000\040\000a\000n\000d\000\040\000t\000h\000e\000\040\000R\000e\000s\000e\000t\000\040\000M\000e\000c\000h\000a\000n\000i\000s\000m}{section.9}% 37
\BOOKMARK [2][-]{subsection.9.6}{\376\377\000C\000o\000s\000m\000o\000l\000o\000g\000i\000c\000a\000l\000\040\000B\000o\000r\000n\000\040\000R\000u\000l\000e}{section.9}% 38
\BOOKMARK [2][-]{subsection.9.7}{\376\377\000I\000n\000t\000e\000r\000p\000r\000e\000t\000a\000t\000i\000o\000n}{section.9}% 39
\BOOKMARK [2][-]{subsection.9.8}{\376\377\000S\000u\000m\000m\000a\000r\000y}{section.9}% 40
\BOOKMARK [1][-]{section.10}{\376\377\000U\000n\000i\000f\000i\000e\000d\000\040\000V\000i\000e\000w\000:\000\040\000I\000n\000d\000i\000v\000i\000s\000i\000b\000i\000l\000i\000t\000y\000\040\000A\000c\000r\000o\000s\000s\000\040\000S\000c\000a\000l\000e\000s}{}% 41
\BOOKMARK [2][-]{subsection.10.1}{\376\377\000I\000n\000d\000i\000v\000i\000s\000i\000b\000i\000l\000i\000t\000y\000\040\000a\000s\000\040\000a\000\040\000U\000n\000i\000v\000e\000r\000s\000a\000l\000\040\000P\000r\000i\000n\000c\000i\000p\000l\000e}{section.10}% 42
\BOOKMARK [2][-]{subsection.10.2}{\376\377\000S\000c\000a\000l\000e\000\040\000H\000i\000e\000r\000a\000r\000c\000h\000y\000\040\000o\000f\000\040\000t\000h\000e\000\040\000P\000l\000e\000n\000u\000m}{section.10}% 43
\BOOKMARK [2][-]{subsection.10.3}{\376\377\000T\000h\000e\000\040\000R\000S\000V\000P\040\023\000U\000Q\000M\000\040\000C\000o\000r\000r\000e\000s\000p\000o\000n\000d\000e\000n\000c\000e\000\040\000P\000r\000i\000n\000c\000i\000p\000l\000e}{section.10}% 44
\BOOKMARK [2][-]{subsection.10.4}{\376\377\000F\000r\000o\000m\000\040\000Q\000u\000a\000n\000t\000i\000z\000a\000t\000i\000o\000n\000\040\000t\000o\000\040\000S\000m\000o\000o\000t\000h\000i\000n\000g}{section.10}% 45
\BOOKMARK [2][-]{subsection.10.5}{\376\377\000E\000x\000p\000y\000r\000o\000t\000i\000c\000\040\000C\000y\000c\000l\000e\000s\000\040\000a\000s\000\040\000I\000n\000d\000i\000v\000i\000s\000i\000b\000l\000e\000\040\000R\000e\000n\000e\000w\000a\000l}{section.10}% 46
\BOOKMARK [2][-]{subsection.10.6}{\376\377\000P\000h\000i\000l\000o\000s\000o\000p\000h\000i\000c\000a\000l\000\040\000I\000m\000p\000l\000i\000c\000a\000t\000i\000o\000n\000s}{section.10}% 47
\BOOKMARK [2][-]{subsection.10.7}{\376\377\000O\000u\000t\000l\000o\000o\000k}{section.10}% 48
\BOOKMARK [2][-]{subsection.10.8}{\376\377\000C\000l\000o\000s\000i\000n\000g\000\040\000R\000e\000f\000l\000e\000c\000t\000i\000o\000n}{section.10}% 49
\BOOKMARK [1][-]{appendix.A}{\376\377\000D\000e\000r\000i\000v\000e\000d\040\023\000G\000e\000o\000m\000e\000t\000r\000i\000c\000\040\000F\000o\000r\000m\000\040\000o\000f\000\040\000t\000h\000e\000\040\000R\000S\000V\000P\000\040\000F\000i\000e\000l\000d}{}% 50
\BOOKMARK [2][-]{subsection.A.1}{\376\377\000T\000h\000e\000\040\000G\000r\000a\000d\000e\000d\000\040\000M\000a\000n\000i\000f\000o\000l\000d}{appendix.A}% 51
\BOOKMARK [2][-]{subsection.A.2}{\376\377\000T\000h\000e\000\040\000A\000K\000S\000Z\000\040\000A\000c\000t\000i\000o\000n}{appendix.A}% 52
\BOOKMARK [2][-]{subsection.A.3}{\376\377\000B\000V\000\040\000E\000x\000t\000e\000n\000s\000i\000o\000n\000\040\000a\000n\000d\000\040\000M\000a\000s\000t\000e\000r\000\040\000E\000q\000u\000a\000t\000i\000o\000n}{appendix.A}% 53
\BOOKMARK [2][-]{subsection.A.4}{\376\377\000D\000e\000r\000i\000v\000e\000d\000\040\000Q\000u\000a\000n\000t\000i\000z\000a\000t\000i\000o\000n\000\040\000a\000n\000d\000\040\000B\000o\000u\000n\000d\000a\000r\000y\000\040\000D\000a\000t\000a}{appendix.A}% 54
\BOOKMARK [2][-]{subsection.A.5}{\376\377\000I\000n\000t\000e\000r\000p\000r\000e\000t\000a\000t\000i\000o\000n}{appendix.A}% 55
\BOOKMARK [1][-]{appendix.B}{\376\377\000B\000V\040\023\000B\000R\000S\000T\000\040\000S\000t\000r\000u\000c\000t\000u\000r\000e\000\040\000o\000f\000\040\000t\000h\000e\000\040\000R\000S\000V\000P\040\023\000A\000K\000S\000Z\000\040\000S\000i\000g\000m\000a\000\040\000M\000o\000d\000e\000l}{}% 56
\BOOKMARK [2][-]{subsection.B.1}{\376\377\000F\000i\000e\000l\000d\000\040\000C\000o\000n\000t\000e\000n\000t\000\040\000a\000n\000d\000\040\000D\000e\000g\000r\000e\000e\000s}{appendix.B}% 57
\BOOKMARK [2][-]{subsection.B.2}{\376\377\000C\000l\000a\000s\000s\000i\000c\000a\000l\000\040\000A\000c\000t\000i\000o\000n\000\040\000i\000n\000\040\000B\000V\000\040\000F\000o\000r\000m}{appendix.B}% 58
\BOOKMARK [2][-]{subsection.B.3}{\376\377\000B\000R\000S\000T\000\040\000T\000r\000a\000n\000s\000f\000o\000r\000m\000a\000t\000i\000o\000n\000s}{appendix.B}% 59
\BOOKMARK [2][-]{subsection.B.4}{\376\377\000C\000l\000a\000s\000s\000i\000c\000a\000l\000\040\000M\000a\000s\000t\000e\000r\000\040\000E\000q\000u\000a\000t\000i\000o\000n}{appendix.B}% 60
\BOOKMARK [2][-]{subsection.B.5}{\376\377\000O\000b\000s\000e\000r\000v\000a\000b\000l\000e\000s\000\040\000a\000n\000d\000\040\000C\000o\000h\000o\000m\000o\000l\000o\000g\000y}{appendix.B}% 61
\BOOKMARK [2][-]{subsection.B.6}{\376\377\000I\000n\000t\000e\000r\000p\000r\000e\000t\000a\000t\000i\000o\000n}{appendix.B}% 62
\BOOKMARK [1][-]{appendix.C}{\376\377\000D\000e\000r\000i\000v\000e\000d\000\040\000Q\000u\000a\000n\000t\000i\000z\000a\000t\000i\000o\000n\000\040\000a\000n\000d\000\040\000E\000m\000e\000r\000g\000e\000n\000t\000\040\000P\000r\000o\000b\000a\000b\000i\000l\000i\000t\000y\000\040\000L\000a\000w}{}% 63
\BOOKMARK [2][-]{subsection.C.1}{\376\377\000B\000V\000\040\000P\000a\000t\000h\000\040\000I\000n\000t\000e\000g\000r\000a\000l\000\040\000a\000n\000d\000\040\000G\000a\000u\000g\000e\000\040\000F\000i\000x\000i\000n\000g}{appendix.C}% 64
\BOOKMARK [2][-]{subsection.C.2}{\376\377\000I\000n\000t\000e\000g\000r\000a\000t\000i\000o\000n\000\040\000o\000v\000e\000r\000\040\000G\000h\000o\000s\000t\000s\000\040\000a\000n\000d\000\040\000A\000n\000t\000i\000f\000i\000e\000l\000d\000s}{appendix.C}% 65
\BOOKMARK [2][-]{subsection.C.3}{\376\377\000E\000m\000e\000r\000g\000e\000n\000t\000\040\000U\000n\000i\000s\000t\000o\000c\000h\000a\000s\000t\000i\000c\000\040\000K\000e\000r\000n\000e\000l}{appendix.C}% 66
\BOOKMARK [2][-]{subsection.C.4}{\376\377\000B\000o\000r\000n\000\040\000R\000u\000l\000e\000\040\000a\000s\000\040\000a\000\040\000L\000i\000m\000i\000t\000\040\000T\000h\000e\000o\000r\000e\000m}{appendix.C}% 67
\BOOKMARK [2][-]{subsection.C.5}{\376\377\000D\000e\000r\000i\000v\000e\000d\000\040\000S\000t\000a\000c\000k\000\040\000Q\000u\000a\000n\000t\000i\000z\000a\000t\000i\000o\000n}{appendix.C}% 68
\BOOKMARK [2][-]{subsection.C.6}{\376\377\000I\000n\000t\000e\000r\000p\000r\000e\000t\000a\000t\000i\000o\000n}{appendix.C}% 69
\BOOKMARK [1][-]{appendix.D}{\376\377\000S\000e\000m\000i\000c\000l\000a\000s\000s\000i\000c\000a\000l\000\040\000E\000x\000p\000a\000n\000s\000i\000o\000n\000\040\000a\000n\000d\000\040\000E\000n\000t\000r\000o\000p\000y\040\023\000C\000u\000r\000v\000a\000t\000u\000r\000e\000\040\000A\000n\000o\000m\000a\000l\000i\000e\000s}{}% 70
\BOOKMARK [2][-]{subsection.D.1}{\376\377\000S\000e\000m\000i\000c\000l\000a\000s\000s\000i\000c\000a\000l\000\040\000E\000x\000p\000a\000n\000s\000i\000o\000n}{appendix.D}% 71
\BOOKMARK [2][-]{subsection.D.2}{\376\377\000C\000u\000r\000v\000a\000t\000u\000r\000e\000\040\000C\000o\000u\000p\000l\000i\000n\000g\000\040\000a\000n\000d\000\040\000E\000n\000t\000r\000o\000p\000i\000c\000\040\000T\000o\000r\000s\000i\000o\000n}{appendix.D}% 72
\BOOKMARK [2][-]{subsection.D.3}{\376\377\000E\000f\000f\000e\000c\000t\000i\000v\000e\000\040\000U\000n\000i\000s\000t\000o\000c\000h\000a\000s\000t\000i\000c\000\040\000K\000e\000r\000n\000e\000l}{appendix.D}% 73
\BOOKMARK [2][-]{subsection.D.4}{\376\377\000S\000h\000i\000f\000t\000e\000d\000\040\000S\000y\000m\000p\000l\000e\000c\000t\000i\000c\000\040\000A\000n\000o\000m\000a\000l\000y\000\040\000F\000o\000r\000m}{appendix.D}% 74
\BOOKMARK [2][-]{subsection.D.5}{\376\377\000P\000h\000y\000s\000i\000c\000a\000l\000\040\000I\000n\000t\000e\000r\000p\000r\000e\000t\000a\000t\000i\000o\000n}{appendix.D}% 75
\BOOKMARK [2][-]{subsection.D.6}{\376\377\000S\000u\000m\000m\000a\000r\000y}{appendix.D}% 76
\BOOKMARK [1][-]{appendix.E}{\376\377\000R\000e\000n\000o\000r\000m\000a\000l\000i\000z\000a\000t\000i\000o\000n\040\023\000G\000r\000o\000u\000p\000\040\000F\000l\000o\000w\000\040\000o\000f\000\040\000E\000n\000t\000r\000o\000p\000y\000\040\000a\000n\000d\000\040\000C\000u\000r\000v\000a\000t\000u\000r\000e}{}% 77
\BOOKMARK [2][-]{subsection.E.1}{\376\377\000S\000c\000a\000l\000e\000\040\000D\000e\000p\000e\000n\000d\000e\000n\000c\000e}{appendix.E}% 78
\BOOKMARK [2][-]{subsection.E.2}{\376\377\000O\000n\000e\040\023\000L\000o\000o\000p\000\040\000B\000e\000t\000a\000\040\000F\000u\000n\000c\000t\000i\000o\000n\000s}{appendix.E}% 79
\BOOKMARK [2][-]{subsection.E.3}{\376\377\000F\000i\000x\000e\000d\000\040\000P\000o\000i\000n\000t\000s}{appendix.E}% 80
\BOOKMARK [2][-]{subsection.E.4}{\376\377\000F\000l\000o\000w\000\040\000o\000f\000\040\000E\000n\000t\000r\000o\000p\000y\040\023\000C\000u\000r\000v\000a\000t\000u\000r\000e\000\040\000C\000o\000u\000p\000l\000i\000n\000g}{appendix.E}% 81
\BOOKMARK [2][-]{subsection.E.5}{\376\377\000G\000e\000o\000m\000e\000t\000r\000i\000c\000\040\000I\000n\000t\000e\000r\000p\000r\000e\000t\000a\000t\000i\000o\000n}{appendix.E}% 82
\BOOKMARK [2][-]{subsection.E.6}{\376\377\000P\000h\000y\000s\000i\000c\000a\000l\000\040\000P\000i\000c\000t\000u\000r\000e}{appendix.E}% 83
\BOOKMARK [2][-]{subsection.E.7}{\376\377\000S\000u\000m\000m\000a\000r\000y}{appendix.E}% 84
\BOOKMARK [1][-]{appendix.F}{\376\377\000P\000h\000a\000s\000e\040\023\000S\000p\000a\000c\000e\000\040\000P\000o\000r\000t\000r\000a\000i\000t\000\040\000a\000n\000d\000\040\000E\000n\000t\000r\000o\000p\000i\000c\000\040\000G\000r\000a\000d\000i\000e\000n\000t\000\040\000F\000l\000o\000w}{}% 85
\BOOKMARK [2][-]{subsection.F.1}{\376\377\000E\000n\000t\000r\000o\000p\000i\000c\000\040\000P\000o\000t\000e\000n\000t\000i\000a\000l}{appendix.F}% 86
\BOOKMARK [2][-]{subsection.F.2}{\376\377\000P\000h\000a\000s\000e\040\023\000S\000p\000a\000c\000e\000\040\000V\000a\000r\000i\000a\000b\000l\000e\000s}{appendix.F}% 87
\BOOKMARK [2][-]{subsection.F.3}{\376\377\000E\000n\000t\000r\000o\000p\000i\000c\000\040\000P\000h\000a\000s\000e\000\040\000P\000o\000r\000t\000r\000a\000i\000t}{appendix.F}% 88
\BOOKMARK [2][-]{subsection.F.4}{\376\377\000D\000e\000r\000i\000v\000e\000d\000\040\000G\000r\000a\000d\000i\000e\000n\000t\000\040\000F\000l\000o\000w}{appendix.F}% 89
\BOOKMARK [2][-]{subsection.F.5}{\376\377\000C\000o\000s\000m\000o\000l\000o\000g\000i\000c\000a\000l\000\040\000a\000n\000d\000\040\000I\000n\000f\000o\000r\000m\000a\000t\000i\000o\000n\000a\000l\000\040\000O\000u\000t\000l\000o\000o\000k}{appendix.F}% 90
\BOOKMARK [2][-]{subsection.F.6}{\376\377\000S\000u\000m\000m\000a\000r\000y}{appendix.F}% 91
\BOOKMARK [1][-]{appendix.G}{\376\377\000C\000a\000t\000e\000g\000o\000r\000i\000c\000a\000l\000\040\000S\000y\000n\000t\000h\000e\000s\000i\000s\000\040\000o\000f\000\040\000t\000h\000e\000\040\000R\000S\000V\000P\040\023\000U\000Q\000M\000\040\000H\000i\000e\000r\000a\000r\000c\000h\000y}{}% 92
\BOOKMARK [2][-]{subsection.G.1}{\376\377\000O\000v\000e\000r\000v\000i\000e\000w}{appendix.G}% 93
\BOOKMARK [2][-]{subsection.G.2}{\376\377\000L\000a\000y\000e\000r\000e\000d\000\040\000S\000t\000r\000u\000c\000t\000u\000r\000e}{appendix.G}% 94
\BOOKMARK [2][-]{subsection.G.3}{\376\377\000D\000e\000r\000i\000v\000e\000d\040\023\000S\000t\000a\000c\000k\000\040\000C\000o\000m\000p\000o\000s\000i\000t\000i\000o\000n}{appendix.G}% 95
\BOOKMARK [2][-]{subsection.G.4}{\376\377\000H\000o\000m\000o\000t\000o\000p\000y\040\023\000C\000o\000m\000m\000u\000t\000a\000t\000i\000v\000e\000\040\000C\000u\000b\000e}{appendix.G}% 96
\BOOKMARK [2][-]{subsection.G.5}{\376\377\000M\000o\000n\000o\000i\000d\000a\000l\000\040\000a\000n\000d\000\040\000P\000r\000o\000b\000a\000b\000i\000l\000i\000s\000t\000i\000c\000\040\000S\000t\000r\000u\000c\000t\000u\000r\000e}{appendix.G}% 97
\BOOKMARK [2][-]{subsection.G.6}{\376\377\000S\000u\000m\000m\000a\000r\000y}{appendix.G}% 98
\BOOKMARK [1][-]{appendix.H}{\376\377\000C\000a\000t\000e\000g\000o\000r\000i\000c\000a\000l\000\040\000F\000o\000r\000m\000u\000l\000a\000t\000i\000o\000n\000\040\000o\000f\000\040\000t\000h\000e\000\040\000R\000S\000V\000P\040\023\000U\000Q\000M\000\040\000T\000o\000w\000e\000r}{}% 99
\BOOKMARK [2][-]{subsection.H.1}{\376\377\000C\000a\000t\000e\000g\000o\000r\000i\000e\000s\000\040\000a\000n\000d\000\040\000O\000b\000j\000e\000c\000t\000s}{appendix.H}% 100
\BOOKMARK [2][-]{subsection.H.2}{\376\377\000F\000u\000n\000c\000t\000o\000r\000i\000a\000l\000\040\000R\000e\000l\000a\000t\000i\000o\000n\000s\000h\000i\000p\000s}{appendix.H}% 101
\BOOKMARK [2][-]{subsection.H.3}{\376\377\000N\000a\000t\000u\000r\000a\000l\000\040\000T\000r\000a\000n\000s\000f\000o\000r\000m\000a\000t\000i\000o\000n\000s}{appendix.H}% 102
\BOOKMARK [2][-]{subsection.H.4}{\376\377\000G\000l\000o\000b\000a\000l\000\040\000D\000e\000r\000i\000v\000e\000d\000\040\000S\000t\000a\000c\000k}{appendix.H}% 103
\BOOKMARK [2][-]{subsection.H.5}{\376\377\000M\000o\000n\000o\000i\000d\000a\000l\000\040\000a\000n\000d\000\040\000P\000r\000o\000b\000a\000b\000i\000l\000i\000s\000t\000i\000c\000\040\000S\000t\000r\000u\000c\000t\000u\000r\000e}{appendix.H}% 104
\BOOKMARK [2][-]{subsection.H.6}{\376\377\000F\000i\000n\000a\000l\000\040\000S\000u\000m\000m\000a\000r\000y}{appendix.H}% 105
\BOOKMARK [1][-]{appendix.I}{\376\377\000E\000n\000t\000r\000o\000p\000y\000\040\000a\000s\000\040\000t\000h\000e\000\040\000G\000e\000o\000m\000e\000t\000r\000y\000\040\000o\000f\000\040\000I\000n\000d\000i\000v\000i\000s\000i\000b\000i\000l\000i\000t\000y}{}% 106
\BOOKMARK [2][-]{subsection.I.1}{\376\377\000T\000h\000e\000r\000m\000o\000d\000y\000n\000a\000m\000i\000c\000\040\000C\000o\000m\000p\000l\000e\000t\000i\000o\000n\000\040\000o\000f\000\040\000Q\000u\000a\000n\000t\000u\000m\000\040\000M\000e\000c\000h\000a\000n\000i\000c\000s}{appendix.I}% 107
\BOOKMARK [2][-]{subsection.I.2}{\376\377\000R\000e\000l\000a\000t\000i\000o\000n\000\040\000t\000o\000\040\000S\000t\000a\000t\000i\000s\000t\000i\000c\000a\000l\000\040\000a\000n\000d\000\040\000I\000n\000f\000o\000r\000m\000a\000t\000i\000o\000n\000\040\000T\000h\000e\000o\000r\000i\000e\000s}{appendix.I}% 108
\BOOKMARK [2][-]{subsection.I.3}{\376\377\000C\000o\000m\000p\000a\000r\000i\000s\000o\000n\000\040\000w\000i\000t\000h\000\040\000O\000t\000h\000e\000r\000\040\000I\000n\000t\000e\000r\000p\000r\000e\000t\000a\000t\000i\000o\000n\000s}{appendix.I}% 109
\BOOKMARK [2][-]{subsection.I.4}{\376\377\000N\000u\000m\000e\000r\000i\000c\000a\000l\000\040\000M\000e\000t\000h\000o\000d\000s\000\040\000f\000o\000r\000\040\000R\000S\000V\000P\000\040\000S\000i\000m\000u\000l\000a\000t\000i\000o\000n}{appendix.I}% 110
\BOOKMARK [2][-]{subsection.I.5}{\376\377\000O\000b\000s\000e\000r\000v\000a\000b\000l\000e\000\040\000P\000r\000e\000d\000i\000c\000t\000i\000o\000n\000s}{appendix.I}% 111
\BOOKMARK [1][-]{subsection.I.5}{\376\377\000B\000i\000b\000l\000i\000o\000g\000r\000a\000p\000h\000i\000c\000\040\000N\000o\000t\000e}{}% 112
\BOOKMARK [1][-]{subsection.I.5}{\376\377\000A\000c\000k\000n\000o\000w\000l\000e\000d\000g\000m\000e\000n\000t\000s}{}% 113
